// Jest Snapshot v1, https://goo.gl/fbAQLP

exports[`<GameInfo /> should render the heading 1`] = `
<main
  class=""
>
  <h1>
    GameInfo
  </h1>
</main>
`
