// Jest Snapshot v1, https://goo.gl/fbAQLP

exports[`<Gallery /> should render the thumbnails as buttons 1`] = ` `
